// Jest Snapshot v1, https://goo.gl/fbAQLP

exports[`Loading icon component tests Snapshot test 1`] = `
<svg
  aria-label="Loading"
  id="svg-loader-1"
  role="img"
  style={
    Object {
      "height": "60px",
      "width": "60px",
    }
  }
  version="1.1"
  viewBox="0 0 80 80"
  x="0px"
  xmlSpace="preserve"
  xmlns="http://www.w3.org/2000/svg"
  y="0px"
>
  <path
    d="M40,72C22.4,72,8,57.6,8,40C8,22.4,22.4,8,40,8c17.6,0,32,14.4,32,32c0,1.1-0.9,2-2,2s-2-0.9-2-2c0-15.4-12.6-28-28-28S12,24.6,12,40s12.6,28,28,28c1.1,0,2,0.9,2,2S41.1,72,40,72z"
    fill="#575eff"
    id="spinner"
  >
    <animateTransform
      attributeName="transform"
      attributeType="xml"
      dur="1.0s"
      from="0 40 40"
      repeatCount="indefinite"
      to="360 40 40"
      type="rotate"
    />
  </path>
</svg>
`;
