// Jest Snapshot v1, https://goo.gl/fbAQLP

exports[`Rain icon component tests Snapshot test 1`] = `
<svg
  aria-label="Rain"
  enableBackground="new 0 0 99.998 100"
  fill="#ff6d01"
  height="50px"
  viewBox="0 0 100 100"
  width="50px"
  x="0px"
  xmlSpace="preserve"
  xmlns="http://www.w3.org/2000/svg"
  y="0px"
>
  <path
    d="M81.818,71.14v-9.957c5.43-3.146,9.092-9.003,9.092-15.729c0-10.041-8.142-18.182-18.184-18.182 c-3.638,0-7.005,1.091-9.851,2.934C60.079,18.121,49.299,9.09,36.363,9.09C21.302,9.09,9.092,21.3,9.092,36.361 c0,8.067,3.526,15.292,9.092,20.285v11.174C7.326,61.528,0,49.813,0,36.361C0,16.279,16.281,0,36.363,0 C50.01,0,61.886,7.526,68.105,18.646c1.509-0.257,3.041-0.466,4.621-0.466c15.062,0,27.271,12.211,27.271,27.274 C99.998,57.324,92.406,67.394,81.818,71.14z"
    fill="#ff6d01"
  />
  <path
    d="M31.819,45.454c2.51,0,4.544,2.038,4.544,4.546v36.363c0,2.513-2.034,4.546-4.544,4.546 c-2.509,0-4.546-2.033-4.546-4.546V50C27.273,47.491,29.31,45.454,31.819,45.454z"
    fill="#ff6d01"
  />
  <path
    d="M50,54.546c2.509,0,4.547,2.035,4.547,4.546v36.362C54.548,97.965,52.51,100,50,100 s-4.546-2.035-4.546-4.546V59.092C45.455,56.579,47.491,54.546,50,54.546z"
    fill="#ff6d01"
  />
  <path
    d="M68.181,45.454c2.511,0,4.546,2.038,4.546,4.546v36.363c0,2.513-2.035,4.546-4.546,4.546 c-2.508,0-4.546-2.033-4.546-4.546V50C63.635,47.491,65.673,45.454,68.181,45.454z"
    fill="#ff6d01"
  />
</svg>
`;
