// Jest Snapshot v1, https://goo.gl/fbAQLP

exports[`Timeline component tests Snapshot test 1`] = `
<Container
  fluid={true}
  tag="div"
>
  <FilterDateAppGroup
    appGroups={Object {}}
    currentAppGroup=""
    dataTitle="Deploy Timeline"
    endDate={2019-12-15T06:00:00.000Z}
    onAppGroupChange={[Function]}
    onEndDateChange={[Function]}
    onStartDateChange={[Function]}
    startDate={2019-11-01T05:00:00.000Z}
  />
  <Row
    tag="div"
    widths={
      Array [
        "xs",
        "sm",
        "md",
        "lg",
        "xl",
      ]
    }
  >
    <Col
      tag="div"
      widths={
        Array [
          "xs",
          "sm",
          "md",
          "lg",
          "xl",
        ]
      }
    >
      <styled.div>
        <Table
          bordered={true}
          hover={true}
          responsiveTag="div"
          striped={true}
          tag="table"
        >
          <TimelineHeaderRow
            dateArray={
              Array [
                2019-11-01T05:00:00.000Z,
                2019-11-02T05:00:00.000Z,
                2019-11-03T05:00:00.000Z,
                2019-11-04T06:00:00.000Z,
                2019-11-05T06:00:00.000Z,
                2019-11-06T06:00:00.000Z,
                2019-11-07T06:00:00.000Z,
                2019-11-08T06:00:00.000Z,
                2019-11-09T06:00:00.000Z,
                2019-11-10T06:00:00.000Z,
                2019-11-11T06:00:00.000Z,
                2019-11-12T06:00:00.000Z,
                2019-11-13T06:00:00.000Z,
                2019-11-14T06:00:00.000Z,
                2019-11-15T06:00:00.000Z,
                2019-11-16T06:00:00.000Z,
                2019-11-17T06:00:00.000Z,
                2019-11-18T06:00:00.000Z,
                2019-11-19T06:00:00.000Z,
                2019-11-20T06:00:00.000Z,
                2019-11-21T06:00:00.000Z,
                2019-11-22T06:00:00.000Z,
                2019-11-23T06:00:00.000Z,
                2019-11-24T06:00:00.000Z,
                2019-11-25T06:00:00.000Z,
                2019-11-26T06:00:00.000Z,
                2019-11-27T06:00:00.000Z,
                2019-11-28T06:00:00.000Z,
                2019-11-29T06:00:00.000Z,
                2019-11-30T06:00:00.000Z,
                2019-12-01T06:00:00.000Z,
                2019-12-02T06:00:00.000Z,
                2019-12-03T06:00:00.000Z,
                2019-12-04T06:00:00.000Z,
                2019-12-05T06:00:00.000Z,
                2019-12-06T06:00:00.000Z,
                2019-12-07T06:00:00.000Z,
                2019-12-08T06:00:00.000Z,
                2019-12-09T06:00:00.000Z,
                2019-12-10T06:00:00.000Z,
                2019-12-11T06:00:00.000Z,
                2019-12-12T06:00:00.000Z,
                2019-12-13T06:00:00.000Z,
                2019-12-14T06:00:00.000Z,
                2019-12-15T06:00:00.000Z,
              ]
            }
          />
          <tbody>
            <TimelineRow
              appStatusArray={
                Array [
                  Object {
                    "date": 2019-12-01T06:00:00.000Z,
                    "dateSort": 20191201,
                    "dateString": "12/01/2019",
                    "note": "Users could not log in",
                    "row": 10,
                    "status": "C",
                    "statusDescription": "Deployment with Customer Impact",
                  },
                  Object {
                    "date": 2019-12-01T06:00:00.000Z,
                    "dateSort": 20191201,
                    "dateString": "12/01/2019",
                    "note": "Fixed issues from the morning deployment",
                    "row": 11,
                    "status": "G",
                    "statusDescription": "Good deployment",
                  },
                  Object {
                    "date": 2019-12-15T06:00:00.000Z,
                    "dateSort": 20191215,
                    "dateString": "12/15/2019",
                    "note": ":-)",
                    "row": 9,
                    "status": "G",
                    "statusDescription": "Good deployment",
                  },
                ]
              }
              appTitle="Cap"
              dateArray={
                Array [
                  2019-11-01T05:00:00.000Z,
                  2019-11-02T05:00:00.000Z,
                  2019-11-03T05:00:00.000Z,
                  2019-11-04T06:00:00.000Z,
                  2019-11-05T06:00:00.000Z,
                  2019-11-06T06:00:00.000Z,
                  2019-11-07T06:00:00.000Z,
                  2019-11-08T06:00:00.000Z,
                  2019-11-09T06:00:00.000Z,
                  2019-11-10T06:00:00.000Z,
                  2019-11-11T06:00:00.000Z,
                  2019-11-12T06:00:00.000Z,
                  2019-11-13T06:00:00.000Z,
                  2019-11-14T06:00:00.000Z,
                  2019-11-15T06:00:00.000Z,
                  2019-11-16T06:00:00.000Z,
                  2019-11-17T06:00:00.000Z,
                  2019-11-18T06:00:00.000Z,
                  2019-11-19T06:00:00.000Z,
                  2019-11-20T06:00:00.000Z,
                  2019-11-21T06:00:00.000Z,
                  2019-11-22T06:00:00.000Z,
                  2019-11-23T06:00:00.000Z,
                  2019-11-24T06:00:00.000Z,
                  2019-11-25T06:00:00.000Z,
                  2019-11-26T06:00:00.000Z,
                  2019-11-27T06:00:00.000Z,
                  2019-11-28T06:00:00.000Z,
                  2019-11-29T06:00:00.000Z,
                  2019-11-30T06:00:00.000Z,
                  2019-12-01T06:00:00.000Z,
                  2019-12-02T06:00:00.000Z,
                  2019-12-03T06:00:00.000Z,
                  2019-12-04T06:00:00.000Z,
                  2019-12-05T06:00:00.000Z,
                  2019-12-06T06:00:00.000Z,
                  2019-12-07T06:00:00.000Z,
                  2019-12-08T06:00:00.000Z,
                  2019-12-09T06:00:00.000Z,
                  2019-12-10T06:00:00.000Z,
                  2019-12-11T06:00:00.000Z,
                  2019-12-12T06:00:00.000Z,
                  2019-12-13T06:00:00.000Z,
                  2019-12-14T06:00:00.000Z,
                  2019-12-15T06:00:00.000Z,
                ]
              }
              key="CAP"
            />
            <TimelineRow
              appStatusArray={
                Array [
                  Object {
                    "date": 2019-11-15T06:00:00.000Z,
                    "dateSort": 20191115,
                    "dateString": "11/15/2019",
                    "note": "Let's try some \\"BOLD\\" text",
                    "row": 8,
                    "status": "C",
                    "statusDescription": "Deployment with Customer Impact",
                  },
                ]
              }
              appTitle="Ethos"
              dateArray={
                Array [
                  2019-11-01T05:00:00.000Z,
                  2019-11-02T05:00:00.000Z,
                  2019-11-03T05:00:00.000Z,
                  2019-11-04T06:00:00.000Z,
                  2019-11-05T06:00:00.000Z,
                  2019-11-06T06:00:00.000Z,
                  2019-11-07T06:00:00.000Z,
                  2019-11-08T06:00:00.000Z,
                  2019-11-09T06:00:00.000Z,
                  2019-11-10T06:00:00.000Z,
                  2019-11-11T06:00:00.000Z,
                  2019-11-12T06:00:00.000Z,
                  2019-11-13T06:00:00.000Z,
                  2019-11-14T06:00:00.000Z,
                  2019-11-15T06:00:00.000Z,
                  2019-11-16T06:00:00.000Z,
                  2019-11-17T06:00:00.000Z,
                  2019-11-18T06:00:00.000Z,
                  2019-11-19T06:00:00.000Z,
                  2019-11-20T06:00:00.000Z,
                  2019-11-21T06:00:00.000Z,
                  2019-11-22T06:00:00.000Z,
                  2019-11-23T06:00:00.000Z,
                  2019-11-24T06:00:00.000Z,
                  2019-11-25T06:00:00.000Z,
                  2019-11-26T06:00:00.000Z,
                  2019-11-27T06:00:00.000Z,
                  2019-11-28T06:00:00.000Z,
                  2019-11-29T06:00:00.000Z,
                  2019-11-30T06:00:00.000Z,
                  2019-12-01T06:00:00.000Z,
                  2019-12-02T06:00:00.000Z,
                  2019-12-03T06:00:00.000Z,
                  2019-12-04T06:00:00.000Z,
                  2019-12-05T06:00:00.000Z,
                  2019-12-06T06:00:00.000Z,
                  2019-12-07T06:00:00.000Z,
                  2019-12-08T06:00:00.000Z,
                  2019-12-09T06:00:00.000Z,
                  2019-12-10T06:00:00.000Z,
                  2019-12-11T06:00:00.000Z,
                  2019-12-12T06:00:00.000Z,
                  2019-12-13T06:00:00.000Z,
                  2019-12-14T06:00:00.000Z,
                  2019-12-15T06:00:00.000Z,
                ]
              }
              key="ETHOS"
            />
            <TimelineRow
              appStatusArray={
                Array [
                  Object {
                    "date": 2019-11-02T05:00:00.000Z,
                    "dateSort": 20191102,
                    "dateString": "11/02/2019",
                    "note": "Hooray everything went to plan",
                    "row": 3,
                    "status": "G",
                    "statusDescription": "Good deployment",
                  },
                  Object {
                    "date": 2019-11-10T06:00:00.000Z,
                    "dateSort": 20191110,
                    "dateString": "11/10/2019",
                    "note": "People are trashing the database",
                    "row": 5,
                    "status": "O",
                    "statusDescription": "Outage",
                  },
                  Object {
                    "date": 2019-12-01T06:00:00.000Z,
                    "dateSort": 20191201,
                    "dateString": "12/01/2019",
                    "note": "This is a note with

Line breaks",
                    "row": 6,
                    "status": "G",
                    "statusDescription": "Good deployment",
                  },
                  Object {
                    "date": 2019-12-02T06:00:00.000Z,
                    "dateSort": 20191202,
                    "dateString": "12/02/2019",
                    "note": "",
                    "row": 7,
                    "status": "C",
                    "statusDescription": "Deployment with Customer Impact",
                  },
                ]
              }
              appTitle="Picker"
              dateArray={
                Array [
                  2019-11-01T05:00:00.000Z,
                  2019-11-02T05:00:00.000Z,
                  2019-11-03T05:00:00.000Z,
                  2019-11-04T06:00:00.000Z,
                  2019-11-05T06:00:00.000Z,
                  2019-11-06T06:00:00.000Z,
                  2019-11-07T06:00:00.000Z,
                  2019-11-08T06:00:00.000Z,
                  2019-11-09T06:00:00.000Z,
                  2019-11-10T06:00:00.000Z,
                  2019-11-11T06:00:00.000Z,
                  2019-11-12T06:00:00.000Z,
                  2019-11-13T06:00:00.000Z,
                  2019-11-14T06:00:00.000Z,
                  2019-11-15T06:00:00.000Z,
                  2019-11-16T06:00:00.000Z,
                  2019-11-17T06:00:00.000Z,
                  2019-11-18T06:00:00.000Z,
                  2019-11-19T06:00:00.000Z,
                  2019-11-20T06:00:00.000Z,
                  2019-11-21T06:00:00.000Z,
                  2019-11-22T06:00:00.000Z,
                  2019-11-23T06:00:00.000Z,
                  2019-11-24T06:00:00.000Z,
                  2019-11-25T06:00:00.000Z,
                  2019-11-26T06:00:00.000Z,
                  2019-11-27T06:00:00.000Z,
                  2019-11-28T06:00:00.000Z,
                  2019-11-29T06:00:00.000Z,
                  2019-11-30T06:00:00.000Z,
                  2019-12-01T06:00:00.000Z,
                  2019-12-02T06:00:00.000Z,
                  2019-12-03T06:00:00.000Z,
                  2019-12-04T06:00:00.000Z,
                  2019-12-05T06:00:00.000Z,
                  2019-12-06T06:00:00.000Z,
                  2019-12-07T06:00:00.000Z,
                  2019-12-08T06:00:00.000Z,
                  2019-12-09T06:00:00.000Z,
                  2019-12-10T06:00:00.000Z,
                  2019-12-11T06:00:00.000Z,
                  2019-12-12T06:00:00.000Z,
                  2019-12-13T06:00:00.000Z,
                  2019-12-14T06:00:00.000Z,
                  2019-12-15T06:00:00.000Z,
                ]
              }
              key="PIC"
            />
            <TimelineRow
              appStatusArray={
                Array [
                  Object {
                    "date": 2019-11-01T05:00:00.000Z,
                    "dateSort": 20191101,
                    "dateString": "11/01/2019",
                    "note": "Ooopsie!",
                    "row": 2,
                    "status": "B",
                    "statusDescription": "Bad Deployment",
                  },
                  Object {
                    "date": 2019-11-10T06:00:00.000Z,
                    "dateSort": 20191110,
                    "dateString": "11/10/2019",
                    "note": "Some stuff happened but it was ALL GOOD",
                    "row": 4,
                    "status": "G",
                    "statusDescription": "Good deployment",
                  },
                ]
              }
              appTitle="Training Hub"
              dateArray={
                Array [
                  2019-11-01T05:00:00.000Z,
                  2019-11-02T05:00:00.000Z,
                  2019-11-03T05:00:00.000Z,
                  2019-11-04T06:00:00.000Z,
                  2019-11-05T06:00:00.000Z,
                  2019-11-06T06:00:00.000Z,
                  2019-11-07T06:00:00.000Z,
                  2019-11-08T06:00:00.000Z,
                  2019-11-09T06:00:00.000Z,
                  2019-11-10T06:00:00.000Z,
                  2019-11-11T06:00:00.000Z,
                  2019-11-12T06:00:00.000Z,
                  2019-11-13T06:00:00.000Z,
                  2019-11-14T06:00:00.000Z,
                  2019-11-15T06:00:00.000Z,
                  2019-11-16T06:00:00.000Z,
                  2019-11-17T06:00:00.000Z,
                  2019-11-18T06:00:00.000Z,
                  2019-11-19T06:00:00.000Z,
                  2019-11-20T06:00:00.000Z,
                  2019-11-21T06:00:00.000Z,
                  2019-11-22T06:00:00.000Z,
                  2019-11-23T06:00:00.000Z,
                  2019-11-24T06:00:00.000Z,
                  2019-11-25T06:00:00.000Z,
                  2019-11-26T06:00:00.000Z,
                  2019-11-27T06:00:00.000Z,
                  2019-11-28T06:00:00.000Z,
                  2019-11-29T06:00:00.000Z,
                  2019-11-30T06:00:00.000Z,
                  2019-12-01T06:00:00.000Z,
                  2019-12-02T06:00:00.000Z,
                  2019-12-03T06:00:00.000Z,
                  2019-12-04T06:00:00.000Z,
                  2019-12-05T06:00:00.000Z,
                  2019-12-06T06:00:00.000Z,
                  2019-12-07T06:00:00.000Z,
                  2019-12-08T06:00:00.000Z,
                  2019-12-09T06:00:00.000Z,
                  2019-12-10T06:00:00.000Z,
                  2019-12-11T06:00:00.000Z,
                  2019-12-12T06:00:00.000Z,
                  2019-12-13T06:00:00.000Z,
                  2019-12-14T06:00:00.000Z,
                  2019-12-15T06:00:00.000Z,
                ]
              }
              key="TH"
            />
          </tbody>
        </Table>
      </styled.div>
    </Col>
  </Row>
</Container>
`;
