// Jest Snapshot v1, https://goo.gl/fbAQLP

exports[`Timeline component tests Snapshot test 1`] = `
<thead>
  <tr>
    <td />
    <td
      colSpan={30}
    >
      November
    </td>
    <td
      colSpan={2}
    >
      December
    </td>
  </tr>
  <tr>
    <td />
    <th
      key="0"
    >
      1
    </th>
    <th
      key="1"
    >
      2
    </th>
    <th
      key="2"
    >
      3
    </th>
    <th
      key="3"
    >
      4
    </th>
    <th
      key="4"
    >
      5
    </th>
    <th
      key="5"
    >
      6
    </th>
    <th
      key="6"
    >
      7
    </th>
    <th
      key="7"
    >
      8
    </th>
    <th
      key="8"
    >
      9
    </th>
    <th
      key="9"
    >
      10
    </th>
    <th
      key="10"
    >
      11
    </th>
    <th
      key="11"
    >
      12
    </th>
    <th
      key="12"
    >
      13
    </th>
    <th
      key="13"
    >
      14
    </th>
    <th
      key="14"
    >
      15
    </th>
    <th
      key="15"
    >
      16
    </th>
    <th
      key="16"
    >
      17
    </th>
    <th
      key="17"
    >
      18
    </th>
    <th
      key="18"
    >
      19
    </th>
    <th
      key="19"
    >
      20
    </th>
    <th
      key="20"
    >
      21
    </th>
    <th
      key="21"
    >
      22
    </th>
    <th
      key="22"
    >
      23
    </th>
    <th
      key="23"
    >
      24
    </th>
    <th
      key="24"
    >
      25
    </th>
    <th
      key="25"
    >
      26
    </th>
    <th
      key="26"
    >
      27
    </th>
    <th
      key="27"
    >
      28
    </th>
    <th
      key="28"
    >
      29
    </th>
    <th
      key="29"
    >
      30
    </th>
    <th
      key="30"
    >
      1
    </th>
    <th
      key="31"
    >
      2
    </th>
  </tr>
</thead>
`;
